E1,o...........o.....#.........xxxxxxxxxxxxxxxxxxxxx
