J10,.................................................
B12,xx.....xx.....xx.....xx.....xx.....xx.....xx.....
C1,x...#..x......x......x......xxxxxxxxxxxxxxxxxxxxx
A17,xxxxxxxxxx....xxx....xxx....xxx....xxx....xxx....
