Black wins!
D17A1E16C1F15E1G14G1H13
Thank you for playing!
