Black wins!
A1J1A2G2A3N1A4C1A5
Thank you for playing!
