White wins!
L13A16J1B16K4C16B3D16A1E16
Thank you for playing!
