White wins!
H7S19B1R18A2Q17C3P16D5O15
Thank you for playing!
