Invalid!
A12
Invalid!
Invalid!
Invalid!
Invalid!
A12
Invalid!
Invalid!
Invalid!
Invalid!
Invalid!
Invalid!
Invalid!
Invalid!
