A1
Invalid coordinate
Invalid coordinate
Invalid coordinate
