A2B3
Invalid coordinate
Invalid coordinate
A2B3
Invalid coordinate
Invalid coordinate
Invalid coordinate
Invalid coordinate
Invalid coordinate
Invalid!
Invalid coordinate
